2025-05-29 03:28:57,661 - WARNING - CropBox missing from /Page, defaulting to MediaBox
2025-05-29 03:28:57,662 - WARNING - CropBox missing from /Page, defaulting to MediaBox
2025-05-29 03:28:57,662 - WARNING - CropBox missing from /Page, defaulting to MediaBox
2025-05-29 03:28:57,662 - WARNING - CropBox missing from /Page, defaulting to MediaBox
2025-05-29 03:28:57,663 - WARNING - CropBox missing from /Page, defaulting to MediaBox
2025-05-29 03:28:57,663 - WARNING - CropBox missing from /Page, defaulting to MediaBox
2025-05-29 03:28:57,663 - WARNING - CropBox missing from /Page, defaulting to MediaBox
2025-05-29 03:28:57,663 - WARNING - CropBox missing from /Page, defaulting to MediaBox
2025-05-29 03:28:57,663 - WARNING - CropBox missing from /Page, defaulting to MediaBox
2025-05-29 03:28:57,663 - WARNING - CropBox missing from /Page, defaulting to MediaBox
2025-05-29 03:28:57,663 - WARNING - CropBox missing from /Page, defaulting to MediaBox
2025-05-29 03:28:57,664 - WARNING - CropBox missing from /Page, defaulting to MediaBox
2025-05-29 03:28:57,664 - WARNING - CropBox missing from /Page, defaulting to MediaBox
2025-05-29 03:28:57,664 - WARNING - CropBox missing from /Page, defaulting to MediaBox
2025-05-29 03:28:57,664 - WARNING - CropBox missing from /Page, defaulting to MediaBox
2025-05-29 03:28:57,664 - WARNING - CropBox missing from /Page, defaulting to MediaBox
2025-05-29 03:28:57,664 - WARNING - CropBox missing from /Page, defaulting to MediaBox
2025-05-29 03:28:57,665 - WARNING - CropBox missing from /Page, defaulting to MediaBox
2025-05-29 03:28:57,665 - WARNING - CropBox missing from /Page, defaulting to MediaBox
2025-05-29 03:28:57,665 - WARNING - CropBox missing from /Page, defaulting to MediaBox
2025-05-29 03:28:57,665 - WARNING - CropBox missing from /Page, defaulting to MediaBox
2025-05-29 03:28:57,665 - WARNING - CropBox missing from /Page, defaulting to MediaBox
2025-05-29 03:28:57,666 - WARNING - CropBox missing from /Page, defaulting to MediaBox
2025-05-29 03:28:57,666 - WARNING - CropBox missing from /Page, defaulting to MediaBox
2025-05-29 03:28:57,666 - WARNING - CropBox missing from /Page, defaulting to MediaBox
2025-05-29 03:28:57,666 - WARNING - CropBox missing from /Page, defaulting to MediaBox
2025-05-29 03:28:57,666 - WARNING - CropBox missing from /Page, defaulting to MediaBox
2025-05-29 03:28:57,667 - WARNING - CropBox missing from /Page, defaulting to MediaBox
2025-05-29 03:28:57,667 - WARNING - CropBox missing from /Page, defaulting to MediaBox
2025-05-29 03:28:57,667 - WARNING - CropBox missing from /Page, defaulting to MediaBox
2025-05-29 03:28:57,667 - WARNING - CropBox missing from /Page, defaulting to MediaBox
2025-05-29 03:28:57,667 - WARNING - CropBox missing from /Page, defaulting to MediaBox
2025-05-29 03:28:57,668 - WARNING - CropBox missing from /Page, defaulting to MediaBox
2025-05-29 03:28:57,668 - WARNING - CropBox missing from /Page, defaulting to MediaBox
2025-05-29 03:28:57,668 - WARNING - CropBox missing from /Page, defaulting to MediaBox
2025-05-29 03:28:57,668 - WARNING - CropBox missing from /Page, defaulting to MediaBox
2025-05-29 03:28:57,669 - WARNING - CropBox missing from /Page, defaulting to MediaBox
2025-05-29 03:28:57,669 - WARNING - CropBox missing from /Page, defaulting to MediaBox
2025-05-29 03:28:57,670 - WARNING - CropBox missing from /Page, defaulting to MediaBox
2025-05-29 03:28:57,670 - WARNING - CropBox missing from /Page, defaulting to MediaBox
2025-05-29 03:28:57,670 - WARNING - CropBox missing from /Page, defaulting to MediaBox
2025-05-29 03:28:57,670 - WARNING - CropBox missing from /Page, defaulting to MediaBox
2025-05-29 03:28:57,670 - WARNING - CropBox missing from /Page, defaulting to MediaBox
2025-05-29 03:28:59,958 - WARNING - CropBox missing from /Page, defaulting to MediaBox
2025-05-29 03:28:59,959 - WARNING - CropBox missing from /Page, defaulting to MediaBox
2025-05-29 03:28:59,959 - WARNING - CropBox missing from /Page, defaulting to MediaBox
2025-05-29 03:28:59,959 - WARNING - CropBox missing from /Page, defaulting to MediaBox
2025-05-29 03:28:59,959 - WARNING - CropBox missing from /Page, defaulting to MediaBox
2025-05-29 03:28:59,959 - WARNING - CropBox missing from /Page, defaulting to MediaBox
2025-05-29 03:28:59,959 - WARNING - CropBox missing from /Page, defaulting to MediaBox
2025-05-29 03:28:59,959 - WARNING - CropBox missing from /Page, defaulting to MediaBox
2025-05-29 03:28:59,959 - WARNING - CropBox missing from /Page, defaulting to MediaBox
2025-05-29 03:28:59,959 - WARNING - CropBox missing from /Page, defaulting to MediaBox
2025-05-29 03:28:59,959 - WARNING - CropBox missing from /Page, defaulting to MediaBox
2025-05-29 03:28:59,959 - WARNING - CropBox missing from /Page, defaulting to MediaBox
2025-05-29 03:28:59,959 - WARNING - CropBox missing from /Page, defaulting to MediaBox
2025-05-29 03:28:59,959 - WARNING - CropBox missing from /Page, defaulting to MediaBox
2025-05-29 03:28:59,959 - WARNING - CropBox missing from /Page, defaulting to MediaBox
2025-05-29 03:28:59,959 - WARNING - CropBox missing from /Page, defaulting to MediaBox
2025-05-29 03:28:59,959 - WARNING - CropBox missing from /Page, defaulting to MediaBox
2025-05-29 03:28:59,959 - WARNING - CropBox missing from /Page, defaulting to MediaBox
2025-05-29 03:28:59,959 - WARNING - CropBox missing from /Page, defaulting to MediaBox
2025-05-29 03:28:59,959 - WARNING - CropBox missing from /Page, defaulting to MediaBox
2025-05-29 03:28:59,959 - WARNING - CropBox missing from /Page, defaulting to MediaBox
2025-05-29 03:28:59,959 - WARNING - CropBox missing from /Page, defaulting to MediaBox
2025-05-29 03:28:59,959 - WARNING - CropBox missing from /Page, defaulting to MediaBox
2025-05-29 03:28:59,959 - WARNING - CropBox missing from /Page, defaulting to MediaBox
2025-05-29 03:28:59,959 - WARNING - CropBox missing from /Page, defaulting to MediaBox
2025-05-29 03:28:59,959 - WARNING - CropBox missing from /Page, defaulting to MediaBox
2025-05-29 03:28:59,959 - WARNING - CropBox missing from /Page, defaulting to MediaBox
2025-05-29 03:28:59,959 - WARNING - CropBox missing from /Page, defaulting to MediaBox
2025-05-29 03:28:59,959 - WARNING - CropBox missing from /Page, defaulting to MediaBox
2025-05-29 03:28:59,959 - WARNING - CropBox missing from /Page, defaulting to MediaBox
2025-05-29 03:28:59,959 - WARNING - CropBox missing from /Page, defaulting to MediaBox
2025-05-29 03:28:59,959 - WARNING - CropBox missing from /Page, defaulting to MediaBox
2025-05-29 03:28:59,960 - WARNING - CropBox missing from /Page, defaulting to MediaBox
2025-05-29 03:28:59,960 - WARNING - CropBox missing from /Page, defaulting to MediaBox
2025-05-29 03:28:59,960 - WARNING - CropBox missing from /Page, defaulting to MediaBox
2025-05-29 03:28:59,960 - WARNING - CropBox missing from /Page, defaulting to MediaBox
2025-05-29 03:28:59,960 - WARNING - CropBox missing from /Page, defaulting to MediaBox
2025-05-29 03:28:59,960 - WARNING - CropBox missing from /Page, defaulting to MediaBox
2025-05-29 03:28:59,960 - WARNING - CropBox missing from /Page, defaulting to MediaBox
2025-05-29 03:28:59,960 - WARNING - CropBox missing from /Page, defaulting to MediaBox
2025-05-29 03:28:59,960 - WARNING - CropBox missing from /Page, defaulting to MediaBox
2025-05-29 03:28:59,960 - WARNING - CropBox missing from /Page, defaulting to MediaBox
2025-05-29 03:28:59,960 - WARNING - CropBox missing from /Page, defaulting to MediaBox
2025-05-29 03:28:59,961 - WARNING - Capping A, Susan on Fri, 5/16: 08:15 -> 08:00
2025-05-29 03:28:59,961 - WARNING - Capping A, Susan on Thu, 5/22: 08:15 -> 08:00
2025-05-29 03:28:59,961 - WARNING - Capping A, Susan on Fri, 5/23: 08:15 -> 08:00
2025-05-29 03:28:59,963 - WARNING - Capping Gois, Mel on Thu, 5/22: 08:30 -> 08:00
2025-05-29 03:28:59,963 - WARNING - Capping Jadeja, Mohini on Mon, 5/12: 08:15 -> 08:00
2025-05-29 03:28:59,963 - WARNING - Capping Jadeja, Mohini on Tue, 5/13: 08:15 -> 08:00
2025-05-29 03:28:59,963 - WARNING - Capping Jadeja, Mohini on Wed, 5/14: 08:15 -> 08:00
2025-05-29 03:28:59,963 - WARNING - Capping Jadeja, Mohini on Tue, 5/20: 08:15 -> 08:00
2025-05-29 03:28:59,964 - WARNING - Capping Marisi, Iris on Fri, 5/23: 08:15 -> 08:00
2025-05-29 03:28:59,965 - WARNING - Capping Ross, Aimee on Tue, 5/13: 08:30 -> 08:00
2025-05-29 03:28:59,965 - WARNING - Capping Ross, Aimee on Wed, 5/14: 08:15 -> 08:00
2025-05-29 03:28:59,965 - WARNING - Capping Ross, Aimee on Thu, 5/15: 08:15 -> 08:00
2025-05-29 03:28:59,965 - WARNING - Capping Shaveta, Shaveta on Tue, 5/20: 08:15 -> 08:00
2025-05-29 03:28:59,966 - WARNING - Capping Skelcher, Bernice on Thu, 5/22: 08:15 -> 08:00
2025-05-29 03:28:59,966 - WARNING - Capping Trujillo, Karla on Tue, 5/13: 08:30 -> 08:00
2025-05-29 03:28:59,966 - WARNING - Capping Trujillo, Karla on Wed, 5/14: 08:30 -> 08:00
2025-05-29 03:28:59,966 - WARNING - Capping Trujillo, Karla on Thu, 5/15: 08:30 -> 08:00
2025-05-29 03:28:59,966 - WARNING - Capping Trujillo, Karla on Fri, 5/16: 08:30 -> 08:00
2025-05-29 03:28:59,966 - WARNING - Capping Trujillo, Karla on Wed, 5/21: 08:15 -> 08:00
2025-05-29 03:28:59,966 - WARNING - Capping Trujillo, Karla on Thu, 5/22: 08:30 -> 08:00
2025-05-29 03:28:59,966 - WARNING - Capping Trujillo, Karla on Fri, 5/23: 08:30 -> 08:00
2025-05-29 03:28:59,967 - WARNING - Capping Robb, Adelina on Mon, 5/12: 08:30 -> 08:00
