2025-05-29 03:20:38,038 - WARNING - CropBox missing from /Page, defaulting to MediaBox
2025-05-29 03:20:38,038 - WARNING - CropBox missing from /Page, defaulting to MediaBox
2025-05-29 03:20:38,040 - WARNING - CropBox missing from /Page, defaulting to MediaBox
2025-05-29 03:20:38,040 - WARNING - CropBox missing from /Page, defaulting to MediaBox
2025-05-29 03:20:38,040 - WARNING - CropBox missing from /Page, defaulting to MediaBox
2025-05-29 03:20:38,041 - WARNING - CropBox missing from /Page, defaulting to MediaBox
2025-05-29 03:20:38,041 - WARNING - CropBox missing from /Page, defaulting to MediaBox
2025-05-29 03:20:38,041 - WARNING - CropBox missing from /Page, defaulting to MediaBox
2025-05-29 03:20:38,041 - WARNING - CropBox missing from /Page, defaulting to MediaBox
2025-05-29 03:20:38,042 - WARNING - CropBox missing from /Page, defaulting to MediaBox
2025-05-29 03:20:38,042 - WARNING - CropBox missing from /Page, defaulting to MediaBox
2025-05-29 03:20:38,042 - WARNING - CropBox missing from /Page, defaulting to MediaBox
2025-05-29 03:20:38,042 - WARNING - CropBox missing from /Page, defaulting to MediaBox
2025-05-29 03:20:38,042 - WARNING - CropBox missing from /Page, defaulting to MediaBox
2025-05-29 03:20:38,043 - WARNING - CropBox missing from /Page, defaulting to MediaBox
2025-05-29 03:20:38,043 - WARNING - CropBox missing from /Page, defaulting to MediaBox
2025-05-29 03:20:38,043 - WARNING - CropBox missing from /Page, defaulting to MediaBox
2025-05-29 03:20:38,043 - WARNING - CropBox missing from /Page, defaulting to MediaBox
2025-05-29 03:20:38,044 - WARNING - CropBox missing from /Page, defaulting to MediaBox
2025-05-29 03:20:38,044 - WARNING - CropBox missing from /Page, defaulting to MediaBox
2025-05-29 03:20:38,044 - WARNING - CropBox missing from /Page, defaulting to MediaBox
2025-05-29 03:20:38,044 - WARNING - CropBox missing from /Page, defaulting to MediaBox
2025-05-29 03:20:38,044 - WARNING - CropBox missing from /Page, defaulting to MediaBox
2025-05-29 03:20:38,044 - WARNING - CropBox missing from /Page, defaulting to MediaBox
2025-05-29 03:20:38,044 - WARNING - CropBox missing from /Page, defaulting to MediaBox
2025-05-29 03:20:38,044 - WARNING - CropBox missing from /Page, defaulting to MediaBox
2025-05-29 03:20:38,045 - WARNING - CropBox missing from /Page, defaulting to MediaBox
2025-05-29 03:20:38,045 - WARNING - CropBox missing from /Page, defaulting to MediaBox
2025-05-29 03:20:38,045 - WARNING - CropBox missing from /Page, defaulting to MediaBox
2025-05-29 03:20:38,045 - WARNING - CropBox missing from /Page, defaulting to MediaBox
2025-05-29 03:20:38,045 - WARNING - CropBox missing from /Page, defaulting to MediaBox
2025-05-29 03:20:38,046 - WARNING - CropBox missing from /Page, defaulting to MediaBox
2025-05-29 03:20:38,046 - WARNING - CropBox missing from /Page, defaulting to MediaBox
2025-05-29 03:20:38,046 - WARNING - CropBox missing from /Page, defaulting to MediaBox
2025-05-29 03:20:38,046 - WARNING - CropBox missing from /Page, defaulting to MediaBox
2025-05-29 03:20:38,046 - WARNING - CropBox missing from /Page, defaulting to MediaBox
2025-05-29 03:20:38,047 - WARNING - CropBox missing from /Page, defaulting to MediaBox
2025-05-29 03:20:38,047 - WARNING - CropBox missing from /Page, defaulting to MediaBox
2025-05-29 03:20:38,047 - WARNING - CropBox missing from /Page, defaulting to MediaBox
2025-05-29 03:20:38,047 - WARNING - CropBox missing from /Page, defaulting to MediaBox
2025-05-29 03:20:38,047 - WARNING - CropBox missing from /Page, defaulting to MediaBox
2025-05-29 03:20:38,048 - WARNING - CropBox missing from /Page, defaulting to MediaBox
2025-05-29 03:20:38,048 - WARNING - CropBox missing from /Page, defaulting to MediaBox
2025-05-29 03:20:40,277 - WARNING - CropBox missing from /Page, defaulting to MediaBox
2025-05-29 03:20:40,277 - WARNING - CropBox missing from /Page, defaulting to MediaBox
2025-05-29 03:20:40,277 - WARNING - CropBox missing from /Page, defaulting to MediaBox
2025-05-29 03:20:40,277 - WARNING - CropBox missing from /Page, defaulting to MediaBox
2025-05-29 03:20:40,277 - WARNING - CropBox missing from /Page, defaulting to MediaBox
2025-05-29 03:20:40,277 - WARNING - CropBox missing from /Page, defaulting to MediaBox
2025-05-29 03:20:40,277 - WARNING - CropBox missing from /Page, defaulting to MediaBox
2025-05-29 03:20:40,277 - WARNING - CropBox missing from /Page, defaulting to MediaBox
2025-05-29 03:20:40,277 - WARNING - CropBox missing from /Page, defaulting to MediaBox
2025-05-29 03:20:40,277 - WARNING - CropBox missing from /Page, defaulting to MediaBox
2025-05-29 03:20:40,277 - WARNING - CropBox missing from /Page, defaulting to MediaBox
2025-05-29 03:20:40,277 - WARNING - CropBox missing from /Page, defaulting to MediaBox
2025-05-29 03:20:40,277 - WARNING - CropBox missing from /Page, defaulting to MediaBox
2025-05-29 03:20:40,277 - WARNING - CropBox missing from /Page, defaulting to MediaBox
2025-05-29 03:20:40,277 - WARNING - CropBox missing from /Page, defaulting to MediaBox
2025-05-29 03:20:40,277 - WARNING - CropBox missing from /Page, defaulting to MediaBox
2025-05-29 03:20:40,277 - WARNING - CropBox missing from /Page, defaulting to MediaBox
2025-05-29 03:20:40,277 - WARNING - CropBox missing from /Page, defaulting to MediaBox
2025-05-29 03:20:40,277 - WARNING - CropBox missing from /Page, defaulting to MediaBox
2025-05-29 03:20:40,277 - WARNING - CropBox missing from /Page, defaulting to MediaBox
2025-05-29 03:20:40,277 - WARNING - CropBox missing from /Page, defaulting to MediaBox
2025-05-29 03:20:40,277 - WARNING - CropBox missing from /Page, defaulting to MediaBox
2025-05-29 03:20:40,278 - WARNING - CropBox missing from /Page, defaulting to MediaBox
2025-05-29 03:20:40,278 - WARNING - CropBox missing from /Page, defaulting to MediaBox
2025-05-29 03:20:40,278 - WARNING - CropBox missing from /Page, defaulting to MediaBox
2025-05-29 03:20:40,278 - WARNING - CropBox missing from /Page, defaulting to MediaBox
2025-05-29 03:20:40,278 - WARNING - CropBox missing from /Page, defaulting to MediaBox
2025-05-29 03:20:40,278 - WARNING - CropBox missing from /Page, defaulting to MediaBox
2025-05-29 03:20:40,278 - WARNING - CropBox missing from /Page, defaulting to MediaBox
2025-05-29 03:20:40,278 - WARNING - CropBox missing from /Page, defaulting to MediaBox
2025-05-29 03:20:40,278 - WARNING - CropBox missing from /Page, defaulting to MediaBox
2025-05-29 03:20:40,278 - WARNING - CropBox missing from /Page, defaulting to MediaBox
2025-05-29 03:20:40,278 - WARNING - CropBox missing from /Page, defaulting to MediaBox
2025-05-29 03:20:40,278 - WARNING - CropBox missing from /Page, defaulting to MediaBox
2025-05-29 03:20:40,278 - WARNING - CropBox missing from /Page, defaulting to MediaBox
2025-05-29 03:20:40,278 - WARNING - CropBox missing from /Page, defaulting to MediaBox
2025-05-29 03:20:40,278 - WARNING - CropBox missing from /Page, defaulting to MediaBox
2025-05-29 03:20:40,278 - WARNING - CropBox missing from /Page, defaulting to MediaBox
2025-05-29 03:20:40,278 - WARNING - CropBox missing from /Page, defaulting to MediaBox
2025-05-29 03:20:40,278 - WARNING - CropBox missing from /Page, defaulting to MediaBox
2025-05-29 03:20:40,278 - WARNING - CropBox missing from /Page, defaulting to MediaBox
2025-05-29 03:20:40,278 - WARNING - CropBox missing from /Page, defaulting to MediaBox
2025-05-29 03:20:40,278 - WARNING - CropBox missing from /Page, defaulting to MediaBox
2025-05-29 03:20:40,278 - WARNING - Capping A, Susan on Fri, 5/16: 08:15 -> 08:00
2025-05-29 03:20:40,278 - WARNING - Capping A, Susan on Thu, 5/22: 08:15 -> 08:00
2025-05-29 03:20:40,280 - WARNING - Capping A, Susan on Fri, 5/23: 08:15 -> 08:00
2025-05-29 03:20:40,281 - WARNING - Capping Gois, Mel on Thu, 5/22: 08:30 -> 08:00
2025-05-29 03:20:40,281 - WARNING - Capping Jadeja, Mohini on Mon, 5/12: 08:15 -> 08:00
2025-05-29 03:20:40,281 - WARNING - Capping Jadeja, Mohini on Tue, 5/13: 08:15 -> 08:00
2025-05-29 03:20:40,281 - WARNING - Capping Jadeja, Mohini on Wed, 5/14: 08:15 -> 08:00
2025-05-29 03:20:40,281 - WARNING - Capping Jadeja, Mohini on Tue, 5/20: 08:15 -> 08:00
2025-05-29 03:20:40,282 - WARNING - Capping Marisi, Iris on Fri, 5/23: 08:15 -> 08:00
2025-05-29 03:20:40,283 - WARNING - Capping Ross, Aimee on Tue, 5/13: 08:30 -> 08:00
2025-05-29 03:20:40,283 - WARNING - Capping Ross, Aimee on Wed, 5/14: 08:15 -> 08:00
2025-05-29 03:20:40,283 - WARNING - Capping Ross, Aimee on Thu, 5/15: 08:15 -> 08:00
2025-05-29 03:20:40,283 - WARNING - Capping Shaveta, Shaveta on Tue, 5/20: 08:15 -> 08:00
2025-05-29 03:20:40,284 - WARNING - Capping Skelcher, Bernice on Thu, 5/22: 08:15 -> 08:00
2025-05-29 03:20:40,284 - WARNING - Capping Trujillo, Karla on Tue, 5/13: 08:30 -> 08:00
2025-05-29 03:20:40,284 - WARNING - Capping Trujillo, Karla on Wed, 5/14: 08:30 -> 08:00
2025-05-29 03:20:40,284 - WARNING - Capping Trujillo, Karla on Thu, 5/15: 08:30 -> 08:00
2025-05-29 03:20:40,284 - WARNING - Capping Trujillo, Karla on Fri, 5/16: 08:30 -> 08:00
2025-05-29 03:20:40,284 - WARNING - Capping Trujillo, Karla on Wed, 5/21: 08:15 -> 08:00
2025-05-29 03:20:40,284 - WARNING - Capping Trujillo, Karla on Thu, 5/22: 08:30 -> 08:00
2025-05-29 03:20:40,284 - WARNING - Capping Trujillo, Karla on Fri, 5/23: 08:30 -> 08:00
2025-05-29 03:20:40,284 - WARNING - Capping Robb, Adelina on Mon, 5/12: 08:30 -> 08:00
