2025-05-29 03:24:52,836 - WARNING - CropBox missing from /Page, defaulting to MediaBox
2025-05-29 03:24:52,836 - WARNING - CropBox missing from /Page, defaulting to MediaBox
2025-05-29 03:24:52,837 - WARNING - CropBox missing from /Page, defaulting to MediaBox
2025-05-29 03:24:52,837 - WARNING - CropBox missing from /Page, defaulting to MediaBox
2025-05-29 03:24:52,837 - WARNING - CropBox missing from /Page, defaulting to MediaBox
2025-05-29 03:24:52,837 - WARNING - CropBox missing from /Page, defaulting to MediaBox
2025-05-29 03:24:52,837 - WARNING - CropBox missing from /Page, defaulting to MediaBox
2025-05-29 03:24:52,838 - WARNING - CropBox missing from /Page, defaulting to MediaBox
2025-05-29 03:24:52,838 - WARNING - CropBox missing from /Page, defaulting to MediaBox
2025-05-29 03:24:52,838 - WARNING - CropBox missing from /Page, defaulting to MediaBox
2025-05-29 03:24:52,838 - WARNING - CropBox missing from /Page, defaulting to MediaBox
2025-05-29 03:24:52,838 - WARNING - CropBox missing from /Page, defaulting to MediaBox
2025-05-29 03:24:52,838 - WARNING - CropBox missing from /Page, defaulting to MediaBox
2025-05-29 03:24:52,840 - WARNING - CropBox missing from /Page, defaulting to MediaBox
2025-05-29 03:24:52,840 - WARNING - CropBox missing from /Page, defaulting to MediaBox
2025-05-29 03:24:52,840 - WARNING - CropBox missing from /Page, defaulting to MediaBox
2025-05-29 03:24:52,840 - WARNING - CropBox missing from /Page, defaulting to MediaBox
2025-05-29 03:24:52,840 - WARNING - CropBox missing from /Page, defaulting to MediaBox
2025-05-29 03:24:52,840 - WARNING - CropBox missing from /Page, defaulting to MediaBox
2025-05-29 03:24:52,841 - WARNING - CropBox missing from /Page, defaulting to MediaBox
2025-05-29 03:24:52,841 - WARNING - CropBox missing from /Page, defaulting to MediaBox
2025-05-29 03:24:52,841 - WARNING - CropBox missing from /Page, defaulting to MediaBox
2025-05-29 03:24:52,841 - WARNING - CropBox missing from /Page, defaulting to MediaBox
2025-05-29 03:24:52,841 - WARNING - CropBox missing from /Page, defaulting to MediaBox
2025-05-29 03:24:52,842 - WARNING - CropBox missing from /Page, defaulting to MediaBox
2025-05-29 03:24:52,842 - WARNING - CropBox missing from /Page, defaulting to MediaBox
2025-05-29 03:24:52,842 - WARNING - CropBox missing from /Page, defaulting to MediaBox
2025-05-29 03:24:52,842 - WARNING - CropBox missing from /Page, defaulting to MediaBox
2025-05-29 03:24:52,842 - WARNING - CropBox missing from /Page, defaulting to MediaBox
2025-05-29 03:24:52,842 - WARNING - CropBox missing from /Page, defaulting to MediaBox
2025-05-29 03:24:52,843 - WARNING - CropBox missing from /Page, defaulting to MediaBox
2025-05-29 03:24:52,843 - WARNING - CropBox missing from /Page, defaulting to MediaBox
2025-05-29 03:24:52,843 - WARNING - CropBox missing from /Page, defaulting to MediaBox
2025-05-29 03:24:52,843 - WARNING - CropBox missing from /Page, defaulting to MediaBox
2025-05-29 03:24:52,843 - WARNING - CropBox missing from /Page, defaulting to MediaBox
2025-05-29 03:24:52,844 - WARNING - CropBox missing from /Page, defaulting to MediaBox
2025-05-29 03:24:52,844 - WARNING - CropBox missing from /Page, defaulting to MediaBox
2025-05-29 03:24:52,844 - WARNING - CropBox missing from /Page, defaulting to MediaBox
2025-05-29 03:24:52,844 - WARNING - CropBox missing from /Page, defaulting to MediaBox
2025-05-29 03:24:52,845 - WARNING - CropBox missing from /Page, defaulting to MediaBox
2025-05-29 03:24:52,845 - WARNING - CropBox missing from /Page, defaulting to MediaBox
2025-05-29 03:24:52,845 - WARNING - CropBox missing from /Page, defaulting to MediaBox
2025-05-29 03:24:52,845 - WARNING - CropBox missing from /Page, defaulting to MediaBox
2025-05-29 03:24:55,046 - WARNING - CropBox missing from /Page, defaulting to MediaBox
2025-05-29 03:24:55,046 - WARNING - CropBox missing from /Page, defaulting to MediaBox
2025-05-29 03:24:55,046 - WARNING - CropBox missing from /Page, defaulting to MediaBox
2025-05-29 03:24:55,046 - WARNING - CropBox missing from /Page, defaulting to MediaBox
2025-05-29 03:24:55,046 - WARNING - CropBox missing from /Page, defaulting to MediaBox
2025-05-29 03:24:55,046 - WARNING - CropBox missing from /Page, defaulting to MediaBox
2025-05-29 03:24:55,046 - WARNING - CropBox missing from /Page, defaulting to MediaBox
2025-05-29 03:24:55,046 - WARNING - CropBox missing from /Page, defaulting to MediaBox
2025-05-29 03:24:55,046 - WARNING - CropBox missing from /Page, defaulting to MediaBox
2025-05-29 03:24:55,046 - WARNING - CropBox missing from /Page, defaulting to MediaBox
2025-05-29 03:24:55,046 - WARNING - CropBox missing from /Page, defaulting to MediaBox
2025-05-29 03:24:55,046 - WARNING - CropBox missing from /Page, defaulting to MediaBox
2025-05-29 03:24:55,046 - WARNING - CropBox missing from /Page, defaulting to MediaBox
2025-05-29 03:24:55,046 - WARNING - CropBox missing from /Page, defaulting to MediaBox
2025-05-29 03:24:55,046 - WARNING - CropBox missing from /Page, defaulting to MediaBox
2025-05-29 03:24:55,046 - WARNING - CropBox missing from /Page, defaulting to MediaBox
2025-05-29 03:24:55,046 - WARNING - CropBox missing from /Page, defaulting to MediaBox
2025-05-29 03:24:55,046 - WARNING - CropBox missing from /Page, defaulting to MediaBox
2025-05-29 03:24:55,046 - WARNING - CropBox missing from /Page, defaulting to MediaBox
2025-05-29 03:24:55,046 - WARNING - CropBox missing from /Page, defaulting to MediaBox
2025-05-29 03:24:55,046 - WARNING - CropBox missing from /Page, defaulting to MediaBox
2025-05-29 03:24:55,046 - WARNING - CropBox missing from /Page, defaulting to MediaBox
2025-05-29 03:24:55,046 - WARNING - CropBox missing from /Page, defaulting to MediaBox
2025-05-29 03:24:55,046 - WARNING - CropBox missing from /Page, defaulting to MediaBox
2025-05-29 03:24:55,046 - WARNING - CropBox missing from /Page, defaulting to MediaBox
2025-05-29 03:24:55,046 - WARNING - CropBox missing from /Page, defaulting to MediaBox
2025-05-29 03:24:55,047 - WARNING - CropBox missing from /Page, defaulting to MediaBox
2025-05-29 03:24:55,047 - WARNING - CropBox missing from /Page, defaulting to MediaBox
2025-05-29 03:24:55,047 - WARNING - CropBox missing from /Page, defaulting to MediaBox
2025-05-29 03:24:55,047 - WARNING - CropBox missing from /Page, defaulting to MediaBox
2025-05-29 03:24:55,047 - WARNING - CropBox missing from /Page, defaulting to MediaBox
2025-05-29 03:24:55,047 - WARNING - CropBox missing from /Page, defaulting to MediaBox
2025-05-29 03:24:55,047 - WARNING - CropBox missing from /Page, defaulting to MediaBox
2025-05-29 03:24:55,047 - WARNING - CropBox missing from /Page, defaulting to MediaBox
2025-05-29 03:24:55,047 - WARNING - CropBox missing from /Page, defaulting to MediaBox
2025-05-29 03:24:55,047 - WARNING - CropBox missing from /Page, defaulting to MediaBox
2025-05-29 03:24:55,047 - WARNING - CropBox missing from /Page, defaulting to MediaBox
2025-05-29 03:24:55,047 - WARNING - CropBox missing from /Page, defaulting to MediaBox
2025-05-29 03:24:55,047 - WARNING - CropBox missing from /Page, defaulting to MediaBox
2025-05-29 03:24:55,047 - WARNING - CropBox missing from /Page, defaulting to MediaBox
2025-05-29 03:24:55,047 - WARNING - CropBox missing from /Page, defaulting to MediaBox
2025-05-29 03:24:55,047 - WARNING - CropBox missing from /Page, defaulting to MediaBox
2025-05-29 03:24:55,047 - WARNING - CropBox missing from /Page, defaulting to MediaBox
2025-05-29 03:24:55,047 - WARNING - Capping A, Susan on Fri, 5/16: 08:15 -> 08:00
2025-05-29 03:24:55,047 - WARNING - Capping A, Susan on Thu, 5/22: 08:15 -> 08:00
2025-05-29 03:24:55,047 - WARNING - Capping A, Susan on Fri, 5/23: 08:15 -> 08:00
2025-05-29 03:24:55,049 - WARNING - Capping Gois, Mel on Thu, 5/22: 08:30 -> 08:00
2025-05-29 03:24:55,050 - WARNING - Capping Jadeja, Mohini on Mon, 5/12: 08:15 -> 08:00
2025-05-29 03:24:55,050 - WARNING - Capping Jadeja, Mohini on Tue, 5/13: 08:15 -> 08:00
2025-05-29 03:24:55,050 - WARNING - Capping Jadeja, Mohini on Wed, 5/14: 08:15 -> 08:00
2025-05-29 03:24:55,050 - WARNING - Capping Jadeja, Mohini on Tue, 5/20: 08:15 -> 08:00
2025-05-29 03:24:55,051 - WARNING - Capping Marisi, Iris on Fri, 5/23: 08:15 -> 08:00
2025-05-29 03:24:55,051 - WARNING - Capping Ross, Aimee on Tue, 5/13: 08:30 -> 08:00
2025-05-29 03:24:55,051 - WARNING - Capping Ross, Aimee on Wed, 5/14: 08:15 -> 08:00
2025-05-29 03:24:55,051 - WARNING - Capping Ross, Aimee on Thu, 5/15: 08:15 -> 08:00
2025-05-29 03:24:55,051 - WARNING - Capping Shaveta, Shaveta on Tue, 5/20: 08:15 -> 08:00
2025-05-29 03:24:55,052 - WARNING - Capping Skelcher, Bernice on Thu, 5/22: 08:15 -> 08:00
2025-05-29 03:24:55,052 - WARNING - Capping Trujillo, Karla on Tue, 5/13: 08:30 -> 08:00
2025-05-29 03:24:55,052 - WARNING - Capping Trujillo, Karla on Wed, 5/14: 08:30 -> 08:00
2025-05-29 03:24:55,052 - WARNING - Capping Trujillo, Karla on Thu, 5/15: 08:30 -> 08:00
2025-05-29 03:24:55,052 - WARNING - Capping Trujillo, Karla on Fri, 5/16: 08:30 -> 08:00
2025-05-29 03:24:55,052 - WARNING - Capping Trujillo, Karla on Wed, 5/21: 08:15 -> 08:00
2025-05-29 03:24:55,052 - WARNING - Capping Trujillo, Karla on Thu, 5/22: 08:30 -> 08:00
2025-05-29 03:24:55,052 - WARNING - Capping Trujillo, Karla on Fri, 5/23: 08:30 -> 08:00
2025-05-29 03:24:55,053 - WARNING - Capping Robb, Adelina on Mon, 5/12: 08:30 -> 08:00
